------------------------------------------------------------
TimeQuest Timing Analyzer Summary
------------------------------------------------------------

Type  : Slow 1100mV 85C Model Setup 'clk_gen:inst1|div10_t:inst5|2'
Slack : -9.145
TNS   : -199.554

Type  : Slow 1100mV 85C Model Setup 'clk_gen:inst1|div10_t:inst6|2'
Slack : -6.368
TNS   : -48.040

Type  : Slow 1100mV 85C Model Setup 'Test:inst62|CLKtest:inst1|CNTout'
Slack : -6.176
TNS   : -1058.419

Type  : Slow 1100mV 85C Model Setup 'counterSecond_10:inst9|carry_out'
Slack : -5.379
TNS   : -24.764

Type  : Slow 1100mV 85C Model Setup 'counterSecond_1:inst8|carry'
Slack : -4.645
TNS   : -18.497

Type  : Slow 1100mV 85C Model Setup 'counterSecond_1:inst7|carry'
Slack : -4.349
TNS   : -17.021

Type  : Slow 1100mV 85C Model Setup 'debounce_g:inst74|1'
Slack : -4.126
TNS   : -9.625

Type  : Slow 1100mV 85C Model Setup 'counterHour_1:inst13|carry_out'
Slack : -4.042
TNS   : -8.027

Type  : Slow 1100mV 85C Model Setup 'debounce_g:inst76|1'
Slack : -3.954
TNS   : -7.857

Type  : Slow 1100mV 85C Model Setup 'debounce_g:inst66|1'
Slack : -3.734
TNS   : -9.862

Type  : Slow 1100mV 85C Model Setup 'debounce_g:inst70|1'
Slack : -3.730
TNS   : -7.352

Type  : Slow 1100mV 85C Model Setup 'debounce_g:inst71|1'
Slack : -3.694
TNS   : -12.033

Type  : Slow 1100mV 85C Model Setup 'counterSecond_10:inst5|carry_out'
Slack : -3.599
TNS   : -15.403

Type  : Slow 1100mV 85C Model Setup 'debounce_g:inst67|1'
Slack : -3.491
TNS   : -11.786

Type  : Slow 1100mV 85C Model Setup 'debounce_g:inst68|1'
Slack : -3.407
TNS   : -9.190

Type  : Slow 1100mV 85C Model Setup 'debounce_g:inst65|1'
Slack : -3.389
TNS   : -8.940

Type  : Slow 1100mV 85C Model Setup 'debounce_g:inst69|1'
Slack : -2.989
TNS   : -10.437

Type  : Slow 1100mV 85C Model Setup 'debounce_g:inst73|1'
Slack : -2.951
TNS   : -11.248

Type  : Slow 1100mV 85C Model Setup 'debounce_g:inst75|1'
Slack : -2.877
TNS   : -10.911

Type  : Slow 1100mV 85C Model Setup 'debounce_g:inst72|1'
Slack : -2.637
TNS   : -7.513

Type  : Slow 1100mV 85C Model Setup 'clk_gen:inst1|div10_t:inst1|2'
Slack : -1.930
TNS   : -8.575

Type  : Slow 1100mV 85C Model Setup 'clk_gen:inst1|div10_t:inst3|2'
Slack : -1.915
TNS   : -11.300

Type  : Slow 1100mV 85C Model Setup 'clk_gen:inst1|div10_t:inst|2'
Slack : -1.790
TNS   : -5.996

Type  : Slow 1100mV 85C Model Setup 'debounce_g:inst27|1'
Slack : -1.667
TNS   : -6.386

Type  : Slow 1100mV 85C Model Setup 'clk_gen:inst1|div10_t:inst2|2'
Slack : -1.622
TNS   : -5.748

Type  : Slow 1100mV 85C Model Setup 'clk_gen:inst1|div10_t:inst4|2'
Slack : -1.564
TNS   : -6.273

Type  : Slow 1100mV 85C Model Setup 'Test:inst62|div10_t:inst3|2'
Slack : -1.369
TNS   : -9.031

Type  : Slow 1100mV 85C Model Setup 'addone'
Slack : -1.296
TNS   : -6.937

Type  : Slow 1100mV 85C Model Setup 'clk'
Slack : -0.696
TNS   : -4.162

Type  : Slow 1100mV 85C Model Hold 'Test:inst62|CLKtest:inst1|CNTout'
Slack : -3.381
TNS   : -13.198

Type  : Slow 1100mV 85C Model Hold 'clk'
Slack : -2.303
TNS   : -7.910

Type  : Slow 1100mV 85C Model Hold 'addone'
Slack : -2.134
TNS   : -14.962

Type  : Slow 1100mV 85C Model Hold 'clk_gen:inst1|div10_t:inst6|2'
Slack : -1.183
TNS   : -1.183

Type  : Slow 1100mV 85C Model Hold 'clk_gen:inst1|div10_t:inst5|2'
Slack : -1.173
TNS   : -12.026

Type  : Slow 1100mV 85C Model Hold 'clk_gen:inst1|div10_t:inst3|2'
Slack : -0.964
TNS   : -1.920

Type  : Slow 1100mV 85C Model Hold 'clk_gen:inst1|div10_t:inst1|2'
Slack : -0.948
TNS   : -1.616

Type  : Slow 1100mV 85C Model Hold 'counterSecond_1:inst8|carry'
Slack : -0.934
TNS   : -0.934

Type  : Slow 1100mV 85C Model Hold 'counterSecond_1:inst7|carry'
Slack : -0.870
TNS   : -1.072

Type  : Slow 1100mV 85C Model Hold 'counterSecond_10:inst5|carry_out'
Slack : -0.728
TNS   : -3.373

Type  : Slow 1100mV 85C Model Hold 'counterSecond_10:inst9|carry_out'
Slack : -0.687
TNS   : -0.687

Type  : Slow 1100mV 85C Model Hold 'clk_gen:inst1|div10_t:inst2|2'
Slack : -0.632
TNS   : -0.817

Type  : Slow 1100mV 85C Model Hold 'clk_gen:inst1|div10_t:inst4|2'
Slack : -0.569
TNS   : -1.372

Type  : Slow 1100mV 85C Model Hold 'clk_gen:inst1|div10_t:inst|2'
Slack : -0.539
TNS   : -0.738

Type  : Slow 1100mV 85C Model Hold 'counterHour_1:inst13|carry_out'
Slack : -0.438
TNS   : -0.870

Type  : Slow 1100mV 85C Model Hold 'debounce_g:inst72|1'
Slack : -0.308
TNS   : -0.315

Type  : Slow 1100mV 85C Model Hold 'debounce_g:inst65|1'
Slack : -0.039
TNS   : -0.039

Type  : Slow 1100mV 85C Model Hold 'debounce_g:inst74|1'
Slack : 0.019
TNS   : 0.000

Type  : Slow 1100mV 85C Model Hold 'Test:inst62|div10_t:inst3|2'
Slack : 0.311
TNS   : 0.000

Type  : Slow 1100mV 85C Model Hold 'debounce_g:inst66|1'
Slack : 0.338
TNS   : 0.000

Type  : Slow 1100mV 85C Model Hold 'debounce_g:inst69|1'
Slack : 0.492
TNS   : 0.000

Type  : Slow 1100mV 85C Model Hold 'debounce_g:inst75|1'
Slack : 0.507
TNS   : 0.000

Type  : Slow 1100mV 85C Model Hold 'debounce_g:inst68|1'
Slack : 0.518
TNS   : 0.000

Type  : Slow 1100mV 85C Model Hold 'debounce_g:inst67|1'
Slack : 0.591
TNS   : 0.000

Type  : Slow 1100mV 85C Model Hold 'debounce_g:inst73|1'
Slack : 0.749
TNS   : 0.000

Type  : Slow 1100mV 85C Model Hold 'debounce_g:inst27|1'
Slack : 0.797
TNS   : 0.000

Type  : Slow 1100mV 85C Model Hold 'debounce_g:inst71|1'
Slack : 0.882
TNS   : 0.000

Type  : Slow 1100mV 85C Model Hold 'debounce_g:inst70|1'
Slack : 0.960
TNS   : 0.000

Type  : Slow 1100mV 85C Model Hold 'debounce_g:inst76|1'
Slack : 1.361
TNS   : 0.000

Type  : Slow 1100mV 85C Model Recovery 'counterSecond_10:inst9|carry_out'
Slack : -2.912
TNS   : -11.621

Type  : Slow 1100mV 85C Model Recovery 'counterHour_1:inst13|carry_out'
Slack : -2.142
TNS   : -4.282

Type  : Slow 1100mV 85C Model Recovery 'counterSecond_10:inst5|carry_out'
Slack : -1.950
TNS   : -7.786

Type  : Slow 1100mV 85C Model Recovery 'counterSecond_1:inst8|carry'
Slack : -1.895
TNS   : -5.675

Type  : Slow 1100mV 85C Model Recovery 'counterSecond_1:inst7|carry'
Slack : -1.563
TNS   : -4.687

Type  : Slow 1100mV 85C Model Recovery 'clk_gen:inst1|div10_t:inst6|2'
Slack : -0.934
TNS   : -3.715

Type  : Slow 1100mV 85C Model Removal 'clk_gen:inst1|div10_t:inst6|2'
Slack : -1.449
TNS   : -5.788

Type  : Slow 1100mV 85C Model Removal 'counterSecond_1:inst7|carry'
Slack : -0.750
TNS   : -2.248

Type  : Slow 1100mV 85C Model Removal 'counterSecond_10:inst5|carry_out'
Slack : -0.656
TNS   : -2.608

Type  : Slow 1100mV 85C Model Removal 'counterSecond_1:inst8|carry'
Slack : -0.413
TNS   : -1.233

Type  : Slow 1100mV 85C Model Removal 'counterHour_1:inst13|carry_out'
Slack : -0.125
TNS   : -0.249

Type  : Slow 1100mV 85C Model Removal 'counterSecond_10:inst9|carry_out'
Slack : 0.126
TNS   : 0.000

Type  : Slow 1100mV 85C Model Minimum Pulse Width 'Test:inst62|CLKtest:inst1|CNTout'
Slack : -0.724
TNS   : -285.166

Type  : Slow 1100mV 85C Model Minimum Pulse Width 'clk_gen:inst1|div10_t:inst5|2'
Slack : -0.724
TNS   : -67.664

Type  : Slow 1100mV 85C Model Minimum Pulse Width 'clk_gen:inst1|div10_t:inst6|2'
Slack : -0.724
TNS   : -10.675

Type  : Slow 1100mV 85C Model Minimum Pulse Width 'addone'
Slack : -0.724
TNS   : -10.311

Type  : Slow 1100mV 85C Model Minimum Pulse Width 'clk'
Slack : -0.724
TNS   : -9.194

Type  : Slow 1100mV 85C Model Minimum Pulse Width 'Test:inst62|div10_t:inst3|2'
Slack : -0.724
TNS   : -8.820

Type  : Slow 1100mV 85C Model Minimum Pulse Width 'clk_gen:inst1|div10_t:inst3|2'
Slack : -0.724
TNS   : -8.292

Type  : Slow 1100mV 85C Model Minimum Pulse Width 'clk_gen:inst1|div10_t:inst4|2'
Slack : -0.724
TNS   : -6.617

Type  : Slow 1100mV 85C Model Minimum Pulse Width 'clk_gen:inst1|div10_t:inst1|2'
Slack : -0.724
TNS   : -5.721

Type  : Slow 1100mV 85C Model Minimum Pulse Width 'counterSecond_10:inst5|carry_out'
Slack : -0.724
TNS   : -5.703

Type  : Slow 1100mV 85C Model Minimum Pulse Width 'counterSecond_10:inst9|carry_out'
Slack : -0.724
TNS   : -5.513

Type  : Slow 1100mV 85C Model Minimum Pulse Width 'debounce_g:inst27|1'
Slack : -0.724
TNS   : -5.167

Type  : Slow 1100mV 85C Model Minimum Pulse Width 'counterSecond_1:inst7|carry'
Slack : -0.724
TNS   : -4.802

Type  : Slow 1100mV 85C Model Minimum Pulse Width 'counterSecond_1:inst8|carry'
Slack : -0.724
TNS   : -4.690

Type  : Slow 1100mV 85C Model Minimum Pulse Width 'clk_gen:inst1|div10_t:inst|2'
Slack : -0.724
TNS   : -4.424

Type  : Slow 1100mV 85C Model Minimum Pulse Width 'clk_gen:inst1|div10_t:inst2|2'
Slack : -0.724
TNS   : -4.420

Type  : Slow 1100mV 85C Model Minimum Pulse Width 'counterHour_1:inst13|carry_out'
Slack : -0.724
TNS   : -2.239

Type  : Slow 1100mV 85C Model Minimum Pulse Width 'debounce_g:inst74|1'
Slack : 0.241
TNS   : 0.000

Type  : Slow 1100mV 85C Model Minimum Pulse Width 'debounce_g:inst71|1'
Slack : 0.266
TNS   : 0.000

Type  : Slow 1100mV 85C Model Minimum Pulse Width 'debounce_g:inst67|1'
Slack : 0.272
TNS   : 0.000

Type  : Slow 1100mV 85C Model Minimum Pulse Width 'debounce_g:inst73|1'
Slack : 0.276
TNS   : 0.000

Type  : Slow 1100mV 85C Model Minimum Pulse Width 'debounce_g:inst76|1'
Slack : 0.280
TNS   : 0.000

Type  : Slow 1100mV 85C Model Minimum Pulse Width 'debounce_g:inst75|1'
Slack : 0.303
TNS   : 0.000

Type  : Slow 1100mV 85C Model Minimum Pulse Width 'debounce_g:inst69|1'
Slack : 0.331
TNS   : 0.000

Type  : Slow 1100mV 85C Model Minimum Pulse Width 'debounce_g:inst65|1'
Slack : 0.343
TNS   : 0.000

Type  : Slow 1100mV 85C Model Minimum Pulse Width 'debounce_g:inst66|1'
Slack : 0.344
TNS   : 0.000

Type  : Slow 1100mV 85C Model Minimum Pulse Width 'debounce_g:inst70|1'
Slack : 0.389
TNS   : 0.000

Type  : Slow 1100mV 85C Model Minimum Pulse Width 'debounce_g:inst68|1'
Slack : 0.394
TNS   : 0.000

Type  : Slow 1100mV 85C Model Minimum Pulse Width 'debounce_g:inst72|1'
Slack : 0.401
TNS   : 0.000

Type  : Slow 1100mV 0C Model Setup 'clk_gen:inst1|div10_t:inst5|2'
Slack : -9.117
TNS   : -202.249

Type  : Slow 1100mV 0C Model Setup 'clk_gen:inst1|div10_t:inst6|2'
Slack : -6.618
TNS   : -49.673

Type  : Slow 1100mV 0C Model Setup 'Test:inst62|CLKtest:inst1|CNTout'
Slack : -6.194
TNS   : -1039.270

Type  : Slow 1100mV 0C Model Setup 'counterSecond_10:inst9|carry_out'
Slack : -5.345
TNS   : -24.565

Type  : Slow 1100mV 0C Model Setup 'counterSecond_1:inst8|carry'
Slack : -4.608
TNS   : -18.385

Type  : Slow 1100mV 0C Model Setup 'counterSecond_1:inst7|carry'
Slack : -4.194
TNS   : -16.584

Type  : Slow 1100mV 0C Model Setup 'debounce_g:inst74|1'
Slack : -4.110
TNS   : -9.179

Type  : Slow 1100mV 0C Model Setup 'counterHour_1:inst13|carry_out'
Slack : -4.043
TNS   : -8.043

Type  : Slow 1100mV 0C Model Setup 'debounce_g:inst76|1'
Slack : -3.959
TNS   : -7.782

Type  : Slow 1100mV 0C Model Setup 'counterSecond_10:inst5|carry_out'
Slack : -3.717
TNS   : -15.882

Type  : Slow 1100mV 0C Model Setup 'debounce_g:inst71|1'
Slack : -3.533
TNS   : -11.625

Type  : Slow 1100mV 0C Model Setup 'debounce_g:inst66|1'
Slack : -3.530
TNS   : -9.513

Type  : Slow 1100mV 0C Model Setup 'debounce_g:inst70|1'
Slack : -3.493
TNS   : -6.981

Type  : Slow 1100mV 0C Model Setup 'debounce_g:inst67|1'
Slack : -3.291
TNS   : -10.966

Type  : Slow 1100mV 0C Model Setup 'debounce_g:inst68|1'
Slack : -3.251
TNS   : -8.900

Type  : Slow 1100mV 0C Model Setup 'debounce_g:inst65|1'
Slack : -3.243
TNS   : -8.312

Type  : Slow 1100mV 0C Model Setup 'debounce_g:inst69|1'
Slack : -2.832
TNS   : -10.100

Type  : Slow 1100mV 0C Model Setup 'debounce_g:inst75|1'
Slack : -2.766
TNS   : -10.491

Type  : Slow 1100mV 0C Model Setup 'debounce_g:inst73|1'
Slack : -2.738
TNS   : -10.693

Type  : Slow 1100mV 0C Model Setup 'debounce_g:inst72|1'
Slack : -2.588
TNS   : -7.449

Type  : Slow 1100mV 0C Model Setup 'clk_gen:inst1|div10_t:inst1|2'
Slack : -2.011
TNS   : -8.633

Type  : Slow 1100mV 0C Model Setup 'clk_gen:inst1|div10_t:inst3|2'
Slack : -1.991
TNS   : -11.657

Type  : Slow 1100mV 0C Model Setup 'clk_gen:inst1|div10_t:inst|2'
Slack : -1.866
TNS   : -6.194

Type  : Slow 1100mV 0C Model Setup 'debounce_g:inst27|1'
Slack : -1.739
TNS   : -6.698

Type  : Slow 1100mV 0C Model Setup 'clk_gen:inst1|div10_t:inst2|2'
Slack : -1.714
TNS   : -5.939

Type  : Slow 1100mV 0C Model Setup 'clk_gen:inst1|div10_t:inst4|2'
Slack : -1.649
TNS   : -6.616

Type  : Slow 1100mV 0C Model Setup 'addone'
Slack : -1.603
TNS   : -8.460

Type  : Slow 1100mV 0C Model Setup 'Test:inst62|div10_t:inst3|2'
Slack : -1.429
TNS   : -9.169

Type  : Slow 1100mV 0C Model Setup 'clk'
Slack : -0.748
TNS   : -5.416

Type  : Slow 1100mV 0C Model Hold 'Test:inst62|CLKtest:inst1|CNTout'
Slack : -3.537
TNS   : -13.794

Type  : Slow 1100mV 0C Model Hold 'addone'
Slack : -2.283
TNS   : -15.339

Type  : Slow 1100mV 0C Model Hold 'clk'
Slack : -2.267
TNS   : -8.062

Type  : Slow 1100mV 0C Model Hold 'clk_gen:inst1|div10_t:inst5|2'
Slack : -1.051
TNS   : -10.840

Type  : Slow 1100mV 0C Model Hold 'clk_gen:inst1|div10_t:inst6|2'
Slack : -0.954
TNS   : -0.954

Type  : Slow 1100mV 0C Model Hold 'clk_gen:inst1|div10_t:inst3|2'
Slack : -0.785
TNS   : -1.551

Type  : Slow 1100mV 0C Model Hold 'clk_gen:inst1|div10_t:inst1|2'
Slack : -0.781
TNS   : -1.337

Type  : Slow 1100mV 0C Model Hold 'counterSecond_1:inst8|carry'
Slack : -0.766
TNS   : -0.766

Type  : Slow 1100mV 0C Model Hold 'counterSecond_1:inst7|carry'
Slack : -0.756
TNS   : -0.897

Type  : Slow 1100mV 0C Model Hold 'counterSecond_10:inst9|carry_out'
Slack : -0.585
TNS   : -0.585

Type  : Slow 1100mV 0C Model Hold 'counterSecond_10:inst5|carry_out'
Slack : -0.580
TNS   : -2.642

Type  : Slow 1100mV 0C Model Hold 'clk_gen:inst1|div10_t:inst2|2'
Slack : -0.520
TNS   : -0.522

Type  : Slow 1100mV 0C Model Hold 'clk_gen:inst1|div10_t:inst4|2'
Slack : -0.489
TNS   : -1.052

Type  : Slow 1100mV 0C Model Hold 'debounce_g:inst72|1'
Slack : -0.454
TNS   : -0.615

Type  : Slow 1100mV 0C Model Hold 'clk_gen:inst1|div10_t:inst|2'
Slack : -0.434
TNS   : -0.521

Type  : Slow 1100mV 0C Model Hold 'counterHour_1:inst13|carry_out'
Slack : -0.300
TNS   : -0.592

Type  : Slow 1100mV 0C Model Hold 'debounce_g:inst74|1'
Slack : -0.280
TNS   : -0.280

Type  : Slow 1100mV 0C Model Hold 'debounce_g:inst65|1'
Slack : -0.162
TNS   : -0.624

Type  : Slow 1100mV 0C Model Hold 'debounce_g:inst66|1'
Slack : 0.171
TNS   : 0.000

Type  : Slow 1100mV 0C Model Hold 'debounce_g:inst68|1'
Slack : 0.261
TNS   : 0.000

Type  : Slow 1100mV 0C Model Hold 'debounce_g:inst75|1'
Slack : 0.281
TNS   : 0.000

Type  : Slow 1100mV 0C Model Hold 'Test:inst62|div10_t:inst3|2'
Slack : 0.304
TNS   : 0.000

Type  : Slow 1100mV 0C Model Hold 'debounce_g:inst69|1'
Slack : 0.404
TNS   : 0.000

Type  : Slow 1100mV 0C Model Hold 'debounce_g:inst67|1'
Slack : 0.415
TNS   : 0.000

Type  : Slow 1100mV 0C Model Hold 'debounce_g:inst73|1'
Slack : 0.520
TNS   : 0.000

Type  : Slow 1100mV 0C Model Hold 'debounce_g:inst70|1'
Slack : 0.683
TNS   : 0.000

Type  : Slow 1100mV 0C Model Hold 'debounce_g:inst71|1'
Slack : 0.713
TNS   : 0.000

Type  : Slow 1100mV 0C Model Hold 'debounce_g:inst27|1'
Slack : 0.785
TNS   : 0.000

Type  : Slow 1100mV 0C Model Hold 'debounce_g:inst76|1'
Slack : 1.142
TNS   : 0.000

Type  : Slow 1100mV 0C Model Recovery 'counterSecond_10:inst9|carry_out'
Slack : -2.805
TNS   : -11.190

Type  : Slow 1100mV 0C Model Recovery 'counterHour_1:inst13|carry_out'
Slack : -2.112
TNS   : -4.222

Type  : Slow 1100mV 0C Model Recovery 'counterSecond_10:inst5|carry_out'
Slack : -1.842
TNS   : -7.350

Type  : Slow 1100mV 0C Model Recovery 'counterSecond_1:inst8|carry'
Slack : -1.742
TNS   : -5.212

Type  : Slow 1100mV 0C Model Recovery 'counterSecond_1:inst7|carry'
Slack : -1.445
TNS   : -4.333

Type  : Slow 1100mV 0C Model Recovery 'clk_gen:inst1|div10_t:inst6|2'
Slack : -0.980
TNS   : -3.893

Type  : Slow 1100mV 0C Model Removal 'clk_gen:inst1|div10_t:inst6|2'
Slack : -1.161
TNS   : -4.634

Type  : Slow 1100mV 0C Model Removal 'counterSecond_1:inst7|carry'
Slack : -0.677
TNS   : -2.029

Type  : Slow 1100mV 0C Model Removal 'counterSecond_10:inst5|carry_out'
Slack : -0.547
TNS   : -2.168

Type  : Slow 1100mV 0C Model Removal 'counterSecond_1:inst8|carry'
Slack : -0.259
TNS   : -0.769

Type  : Slow 1100mV 0C Model Removal 'counterHour_1:inst13|carry_out'
Slack : 0.046
TNS   : 0.000

Type  : Slow 1100mV 0C Model Removal 'counterSecond_10:inst9|carry_out'
Slack : 0.153
TNS   : 0.000

Type  : Slow 1100mV 0C Model Minimum Pulse Width 'Test:inst62|CLKtest:inst1|CNTout'
Slack : -0.724
TNS   : -281.564

Type  : Slow 1100mV 0C Model Minimum Pulse Width 'clk_gen:inst1|div10_t:inst5|2'
Slack : -0.724
TNS   : -67.332

Type  : Slow 1100mV 0C Model Minimum Pulse Width 'addone'
Slack : -0.724
TNS   : -10.992

Type  : Slow 1100mV 0C Model Minimum Pulse Width 'clk_gen:inst1|div10_t:inst6|2'
Slack : -0.724
TNS   : -10.638

Type  : Slow 1100mV 0C Model Minimum Pulse Width 'clk'
Slack : -0.724
TNS   : -9.453

Type  : Slow 1100mV 0C Model Minimum Pulse Width 'Test:inst62|div10_t:inst3|2'
Slack : -0.724
TNS   : -8.852

Type  : Slow 1100mV 0C Model Minimum Pulse Width 'clk_gen:inst1|div10_t:inst3|2'
Slack : -0.724
TNS   : -8.299

Type  : Slow 1100mV 0C Model Minimum Pulse Width 'clk_gen:inst1|div10_t:inst4|2'
Slack : -0.724
TNS   : -6.628

Type  : Slow 1100mV 0C Model Minimum Pulse Width 'clk_gen:inst1|div10_t:inst1|2'
Slack : -0.724
TNS   : -5.683

Type  : Slow 1100mV 0C Model Minimum Pulse Width 'counterSecond_10:inst5|carry_out'
Slack : -0.724
TNS   : -5.658

Type  : Slow 1100mV 0C Model Minimum Pulse Width 'counterSecond_10:inst9|carry_out'
Slack : -0.724
TNS   : -5.533

Type  : Slow 1100mV 0C Model Minimum Pulse Width 'debounce_g:inst27|1'
Slack : -0.724
TNS   : -5.035

Type  : Slow 1100mV 0C Model Minimum Pulse Width 'counterSecond_1:inst7|carry'
Slack : -0.724
TNS   : -4.834

Type  : Slow 1100mV 0C Model Minimum Pulse Width 'counterSecond_1:inst8|carry'
Slack : -0.724
TNS   : -4.671

Type  : Slow 1100mV 0C Model Minimum Pulse Width 'clk_gen:inst1|div10_t:inst2|2'
Slack : -0.724
TNS   : -4.438

Type  : Slow 1100mV 0C Model Minimum Pulse Width 'clk_gen:inst1|div10_t:inst|2'
Slack : -0.724
TNS   : -4.431

Type  : Slow 1100mV 0C Model Minimum Pulse Width 'counterHour_1:inst13|carry_out'
Slack : -0.724
TNS   : -2.227

Type  : Slow 1100mV 0C Model Minimum Pulse Width 'debounce_g:inst74|1'
Slack : 0.170
TNS   : 0.000

Type  : Slow 1100mV 0C Model Minimum Pulse Width 'debounce_g:inst67|1'
Slack : 0.214
TNS   : 0.000

Type  : Slow 1100mV 0C Model Minimum Pulse Width 'debounce_g:inst73|1'
Slack : 0.217
TNS   : 0.000

Type  : Slow 1100mV 0C Model Minimum Pulse Width 'debounce_g:inst71|1'
Slack : 0.222
TNS   : 0.000

Type  : Slow 1100mV 0C Model Minimum Pulse Width 'debounce_g:inst75|1'
Slack : 0.254
TNS   : 0.000

Type  : Slow 1100mV 0C Model Minimum Pulse Width 'debounce_g:inst76|1'
Slack : 0.274
TNS   : 0.000

Type  : Slow 1100mV 0C Model Minimum Pulse Width 'debounce_g:inst72|1'
Slack : 0.321
TNS   : 0.000

Type  : Slow 1100mV 0C Model Minimum Pulse Width 'debounce_g:inst65|1'
Slack : 0.326
TNS   : 0.000

Type  : Slow 1100mV 0C Model Minimum Pulse Width 'debounce_g:inst70|1'
Slack : 0.356
TNS   : 0.000

Type  : Slow 1100mV 0C Model Minimum Pulse Width 'debounce_g:inst68|1'
Slack : 0.367
TNS   : 0.000

Type  : Slow 1100mV 0C Model Minimum Pulse Width 'debounce_g:inst69|1'
Slack : 0.389
TNS   : 0.000

Type  : Slow 1100mV 0C Model Minimum Pulse Width 'debounce_g:inst66|1'
Slack : 0.406
TNS   : 0.000

Type  : Fast 1100mV 85C Model Setup 'clk_gen:inst1|div10_t:inst5|2'
Slack : -4.189
TNS   : -79.250

Type  : Fast 1100mV 85C Model Setup 'clk_gen:inst1|div10_t:inst6|2'
Slack : -2.683
TNS   : -19.952

Type  : Fast 1100mV 85C Model Setup 'counterSecond_10:inst9|carry_out'
Slack : -2.326
TNS   : -9.757

Type  : Fast 1100mV 85C Model Setup 'Test:inst62|CLKtest:inst1|CNTout'
Slack : -2.018
TNS   : -305.920

Type  : Fast 1100mV 85C Model Setup 'counterSecond_1:inst8|carry'
Slack : -1.897
TNS   : -7.362

Type  : Fast 1100mV 85C Model Setup 'counterSecond_1:inst7|carry'
Slack : -1.542
TNS   : -5.833

Type  : Fast 1100mV 85C Model Setup 'counterHour_1:inst13|carry_out'
Slack : -1.431
TNS   : -2.861

Type  : Fast 1100mV 85C Model Setup 'debounce_g:inst74|1'
Slack : -1.353
TNS   : -2.777

Type  : Fast 1100mV 85C Model Setup 'debounce_g:inst71|1'
Slack : -1.262
TNS   : -3.496

Type  : Fast 1100mV 85C Model Setup 'debounce_g:inst76|1'
Slack : -1.248
TNS   : -2.449

Type  : Fast 1100mV 85C Model Setup 'debounce_g:inst70|1'
Slack : -1.207
TNS   : -2.329

Type  : Fast 1100mV 85C Model Setup 'debounce_g:inst65|1'
Slack : -1.205
TNS   : -2.265

Type  : Fast 1100mV 85C Model Setup 'debounce_g:inst67|1'
Slack : -1.195
TNS   : -3.486

Type  : Fast 1100mV 85C Model Setup 'counterSecond_10:inst5|carry_out'
Slack : -1.174
TNS   : -4.992

Type  : Fast 1100mV 85C Model Setup 'debounce_g:inst66|1'
Slack : -1.160
TNS   : -2.735

Type  : Fast 1100mV 85C Model Setup 'debounce_g:inst68|1'
Slack : -1.006
TNS   : -2.501

Type  : Fast 1100mV 85C Model Setup 'debounce_g:inst69|1'
Slack : -0.944
TNS   : -2.975

Type  : Fast 1100mV 85C Model Setup 'addone'
Slack : -0.875
TNS   : -3.653

Type  : Fast 1100mV 85C Model Setup 'debounce_g:inst75|1'
Slack : -0.835
TNS   : -2.952

Type  : Fast 1100mV 85C Model Setup 'debounce_g:inst73|1'
Slack : -0.826
TNS   : -3.110

Type  : Fast 1100mV 85C Model Setup 'debounce_g:inst72|1'
Slack : -0.657
TNS   : -1.648

Type  : Fast 1100mV 85C Model Setup 'clk'
Slack : -0.583
TNS   : -1.670

Type  : Fast 1100mV 85C Model Setup 'clk_gen:inst1|div10_t:inst1|2'
Slack : -0.475
TNS   : -1.951

Type  : Fast 1100mV 85C Model Setup 'clk_gen:inst1|div10_t:inst3|2'
Slack : -0.447
TNS   : -2.206

Type  : Fast 1100mV 85C Model Setup 'clk_gen:inst1|div10_t:inst|2'
Slack : -0.437
TNS   : -1.191

Type  : Fast 1100mV 85C Model Setup 'debounce_g:inst27|1'
Slack : -0.327
TNS   : -1.166

Type  : Fast 1100mV 85C Model Setup 'clk_gen:inst1|div10_t:inst2|2'
Slack : -0.323
TNS   : -1.060

Type  : Fast 1100mV 85C Model Setup 'clk_gen:inst1|div10_t:inst4|2'
Slack : -0.303
TNS   : -1.291

Type  : Fast 1100mV 85C Model Setup 'Test:inst62|div10_t:inst3|2'
Slack : -0.185
TNS   : -1.122

Type  : Fast 1100mV 85C Model Hold 'Test:inst62|CLKtest:inst1|CNTout'
Slack : -1.748
TNS   : -6.787

Type  : Fast 1100mV 85C Model Hold 'addone'
Slack : -1.331
TNS   : -8.834

Type  : Fast 1100mV 85C Model Hold 'clk'
Slack : -1.057
TNS   : -3.895

Type  : Fast 1100mV 85C Model Hold 'clk_gen:inst1|div10_t:inst6|2'
Slack : -0.769
TNS   : -0.769

Type  : Fast 1100mV 85C Model Hold 'counterSecond_1:inst7|carry'
Slack : -0.666
TNS   : -1.574

Type  : Fast 1100mV 85C Model Hold 'counterSecond_1:inst8|carry'
Slack : -0.656
TNS   : -0.656

Type  : Fast 1100mV 85C Model Hold 'clk_gen:inst1|div10_t:inst5|2'
Slack : -0.653
TNS   : -7.391

Type  : Fast 1100mV 85C Model Hold 'clk_gen:inst1|div10_t:inst3|2'
Slack : -0.635
TNS   : -1.267

Type  : Fast 1100mV 85C Model Hold 'clk_gen:inst1|div10_t:inst1|2'
Slack : -0.567
TNS   : -1.008

Type  : Fast 1100mV 85C Model Hold 'counterSecond_10:inst5|carry_out'
Slack : -0.547
TNS   : -2.393

Type  : Fast 1100mV 85C Model Hold 'counterSecond_10:inst9|carry_out'
Slack : -0.479
TNS   : -0.572

Type  : Fast 1100mV 85C Model Hold 'clk_gen:inst1|div10_t:inst2|2'
Slack : -0.439
TNS   : -0.733

Type  : Fast 1100mV 85C Model Hold 'clk_gen:inst1|div10_t:inst4|2'
Slack : -0.412
TNS   : -1.074

Type  : Fast 1100mV 85C Model Hold 'clk_gen:inst1|div10_t:inst|2'
Slack : -0.372
TNS   : -0.622

Type  : Fast 1100mV 85C Model Hold 'counterHour_1:inst13|carry_out'
Slack : -0.353
TNS   : -0.703

Type  : Fast 1100mV 85C Model Hold 'debounce_g:inst72|1'
Slack : -0.305
TNS   : -0.507

Type  : Fast 1100mV 85C Model Hold 'debounce_g:inst65|1'
Slack : -0.250
TNS   : -0.362

Type  : Fast 1100mV 85C Model Hold 'debounce_g:inst74|1'
Slack : -0.139
TNS   : -0.139

Type  : Fast 1100mV 85C Model Hold 'debounce_g:inst69|1'
Slack : -0.134
TNS   : -0.134

Type  : Fast 1100mV 85C Model Hold 'debounce_g:inst66|1'
Slack : -0.082
TNS   : -0.082

Type  : Fast 1100mV 85C Model Hold 'debounce_g:inst75|1'
Slack : 0.003
TNS   : 0.000

Type  : Fast 1100mV 85C Model Hold 'debounce_g:inst67|1'
Slack : 0.044
TNS   : 0.000

Type  : Fast 1100mV 85C Model Hold 'debounce_g:inst68|1'
Slack : 0.051
TNS   : 0.000

Type  : Fast 1100mV 85C Model Hold 'Test:inst62|div10_t:inst3|2'
Slack : 0.076
TNS   : 0.000

Type  : Fast 1100mV 85C Model Hold 'debounce_g:inst73|1'
Slack : 0.115
TNS   : 0.000

Type  : Fast 1100mV 85C Model Hold 'debounce_g:inst71|1'
Slack : 0.207
TNS   : 0.000

Type  : Fast 1100mV 85C Model Hold 'debounce_g:inst70|1'
Slack : 0.271
TNS   : 0.000

Type  : Fast 1100mV 85C Model Hold 'debounce_g:inst27|1'
Slack : 0.298
TNS   : 0.000

Type  : Fast 1100mV 85C Model Hold 'debounce_g:inst76|1'
Slack : 0.412
TNS   : 0.000

Type  : Fast 1100mV 85C Model Recovery 'counterSecond_10:inst9|carry_out'
Slack : -0.917
TNS   : -3.662

Type  : Fast 1100mV 85C Model Recovery 'counterHour_1:inst13|carry_out'
Slack : -0.627
TNS   : -1.254

Type  : Fast 1100mV 85C Model Recovery 'counterSecond_1:inst8|carry'
Slack : -0.380
TNS   : -1.138

Type  : Fast 1100mV 85C Model Recovery 'counterSecond_10:inst5|carry_out'
Slack : -0.378
TNS   : -1.508

Type  : Fast 1100mV 85C Model Recovery 'counterSecond_1:inst7|carry'
Slack : -0.200
TNS   : -0.600

Type  : Fast 1100mV 85C Model Recovery 'clk_gen:inst1|div10_t:inst6|2'
Slack : -0.037
TNS   : -0.142

Type  : Fast 1100mV 85C Model Removal 'clk_gen:inst1|div10_t:inst6|2'
Slack : -0.883
TNS   : -3.530

Type  : Fast 1100mV 85C Model Removal 'counterSecond_1:inst7|carry'
Slack : -0.636
TNS   : -1.906

Type  : Fast 1100mV 85C Model Removal 'counterSecond_10:inst5|carry_out'
Slack : -0.500
TNS   : -1.996

Type  : Fast 1100mV 85C Model Removal 'counterSecond_1:inst8|carry'
Slack : -0.430
TNS   : -1.290

Type  : Fast 1100mV 85C Model Removal 'counterHour_1:inst13|carry_out'
Slack : -0.275
TNS   : -0.549

Type  : Fast 1100mV 85C Model Removal 'counterSecond_10:inst9|carry_out'
Slack : -0.157
TNS   : -0.626

Type  : Fast 1100mV 85C Model Minimum Pulse Width 'addone'
Slack : -0.572
TNS   : -6.459

Type  : Fast 1100mV 85C Model Minimum Pulse Width 'clk'
Slack : -0.558
TNS   : -1.979

Type  : Fast 1100mV 85C Model Minimum Pulse Width 'clk_gen:inst1|div10_t:inst5|2'
Slack : -0.045
TNS   : -0.090

Type  : Fast 1100mV 85C Model Minimum Pulse Width 'counterSecond_1:inst7|carry'
Slack : -0.032
TNS   : -0.126

Type  : Fast 1100mV 85C Model Minimum Pulse Width 'debounce_g:inst27|1'
Slack : -0.029
TNS   : -0.113

Type  : Fast 1100mV 85C Model Minimum Pulse Width 'counterSecond_1:inst8|carry'
Slack : 0.021
TNS   : 0.000

Type  : Fast 1100mV 85C Model Minimum Pulse Width 'clk_gen:inst1|div10_t:inst6|2'
Slack : 0.050
TNS   : 0.000

Type  : Fast 1100mV 85C Model Minimum Pulse Width 'clk_gen:inst1|div10_t:inst1|2'
Slack : 0.062
TNS   : 0.000

Type  : Fast 1100mV 85C Model Minimum Pulse Width 'clk_gen:inst1|div10_t:inst3|2'
Slack : 0.080
TNS   : 0.000

Type  : Fast 1100mV 85C Model Minimum Pulse Width 'counterSecond_10:inst5|carry_out'
Slack : 0.091
TNS   : 0.000

Type  : Fast 1100mV 85C Model Minimum Pulse Width 'Test:inst62|CLKtest:inst1|CNTout'
Slack : 0.101
TNS   : 0.000

Type  : Fast 1100mV 85C Model Minimum Pulse Width 'counterSecond_10:inst9|carry_out'
Slack : 0.124
TNS   : 0.000

Type  : Fast 1100mV 85C Model Minimum Pulse Width 'Test:inst62|div10_t:inst3|2'
Slack : 0.132
TNS   : 0.000

Type  : Fast 1100mV 85C Model Minimum Pulse Width 'clk_gen:inst1|div10_t:inst2|2'
Slack : 0.134
TNS   : 0.000

Type  : Fast 1100mV 85C Model Minimum Pulse Width 'clk_gen:inst1|div10_t:inst|2'
Slack : 0.143
TNS   : 0.000

Type  : Fast 1100mV 85C Model Minimum Pulse Width 'counterHour_1:inst13|carry_out'
Slack : 0.144
TNS   : 0.000

Type  : Fast 1100mV 85C Model Minimum Pulse Width 'clk_gen:inst1|div10_t:inst4|2'
Slack : 0.145
TNS   : 0.000

Type  : Fast 1100mV 85C Model Minimum Pulse Width 'debounce_g:inst72|1'
Slack : 0.316
TNS   : 0.000

Type  : Fast 1100mV 85C Model Minimum Pulse Width 'debounce_g:inst68|1'
Slack : 0.346
TNS   : 0.000

Type  : Fast 1100mV 85C Model Minimum Pulse Width 'debounce_g:inst69|1'
Slack : 0.353
TNS   : 0.000

Type  : Fast 1100mV 85C Model Minimum Pulse Width 'debounce_g:inst66|1'
Slack : 0.425
TNS   : 0.000

Type  : Fast 1100mV 85C Model Minimum Pulse Width 'debounce_g:inst65|1'
Slack : 0.441
TNS   : 0.000

Type  : Fast 1100mV 85C Model Minimum Pulse Width 'debounce_g:inst75|1'
Slack : 0.444
TNS   : 0.000

Type  : Fast 1100mV 85C Model Minimum Pulse Width 'debounce_g:inst71|1'
Slack : 0.461
TNS   : 0.000

Type  : Fast 1100mV 85C Model Minimum Pulse Width 'debounce_g:inst70|1'
Slack : 0.463
TNS   : 0.000

Type  : Fast 1100mV 85C Model Minimum Pulse Width 'debounce_g:inst74|1'
Slack : 0.466
TNS   : 0.000

Type  : Fast 1100mV 85C Model Minimum Pulse Width 'debounce_g:inst67|1'
Slack : 0.469
TNS   : 0.000

Type  : Fast 1100mV 85C Model Minimum Pulse Width 'debounce_g:inst73|1'
Slack : 0.472
TNS   : 0.000

Type  : Fast 1100mV 85C Model Minimum Pulse Width 'debounce_g:inst76|1'
Slack : 0.475
TNS   : 0.000

Type  : Fast 1100mV 0C Model Setup 'clk_gen:inst1|div10_t:inst5|2'
Slack : -3.939
TNS   : -72.524

Type  : Fast 1100mV 0C Model Setup 'clk_gen:inst1|div10_t:inst6|2'
Slack : -2.506
TNS   : -18.400

Type  : Fast 1100mV 0C Model Setup 'counterSecond_10:inst9|carry_out'
Slack : -2.145
TNS   : -8.993

Type  : Fast 1100mV 0C Model Setup 'Test:inst62|CLKtest:inst1|CNTout'
Slack : -1.805
TNS   : -267.428

Type  : Fast 1100mV 0C Model Setup 'counterSecond_1:inst8|carry'
Slack : -1.716
TNS   : -6.669

Type  : Fast 1100mV 0C Model Setup 'counterSecond_1:inst7|carry'
Slack : -1.339
TNS   : -5.059

Type  : Fast 1100mV 0C Model Setup 'counterHour_1:inst13|carry_out'
Slack : -1.316
TNS   : -2.627

Type  : Fast 1100mV 0C Model Setup 'debounce_g:inst74|1'
Slack : -1.199
TNS   : -2.357

Type  : Fast 1100mV 0C Model Setup 'debounce_g:inst76|1'
Slack : -1.119
TNS   : -2.175

Type  : Fast 1100mV 0C Model Setup 'debounce_g:inst71|1'
Slack : -1.103
TNS   : -3.053

Type  : Fast 1100mV 0C Model Setup 'counterSecond_10:inst5|carry_out'
Slack : -1.059
TNS   : -4.446

Type  : Fast 1100mV 0C Model Setup 'debounce_g:inst65|1'
Slack : -1.055
TNS   : -1.848

Type  : Fast 1100mV 0C Model Setup 'debounce_g:inst70|1'
Slack : -1.045
TNS   : -2.020

Type  : Fast 1100mV 0C Model Setup 'debounce_g:inst67|1'
Slack : -1.016
TNS   : -2.886

Type  : Fast 1100mV 0C Model Setup 'debounce_g:inst66|1'
Slack : -1.004
TNS   : -2.379

Type  : Fast 1100mV 0C Model Setup 'debounce_g:inst68|1'
Slack : -0.847
TNS   : -2.109

Type  : Fast 1100mV 0C Model Setup 'debounce_g:inst69|1'
Slack : -0.816
TNS   : -2.535

Type  : Fast 1100mV 0C Model Setup 'addone'
Slack : -0.766
TNS   : -3.046

Type  : Fast 1100mV 0C Model Setup 'debounce_g:inst75|1'
Slack : -0.703
TNS   : -2.471

Type  : Fast 1100mV 0C Model Setup 'debounce_g:inst73|1'
Slack : -0.700
TNS   : -2.625

Type  : Fast 1100mV 0C Model Setup 'clk'
Slack : -0.609
TNS   : -1.464

Type  : Fast 1100mV 0C Model Setup 'debounce_g:inst72|1'
Slack : -0.541
TNS   : -1.375

Type  : Fast 1100mV 0C Model Setup 'clk_gen:inst1|div10_t:inst|2'
Slack : -0.440
TNS   : -1.065

Type  : Fast 1100mV 0C Model Setup 'clk_gen:inst1|div10_t:inst1|2'
Slack : -0.412
TNS   : -1.639

Type  : Fast 1100mV 0C Model Setup 'clk_gen:inst1|div10_t:inst3|2'
Slack : -0.397
TNS   : -1.881

Type  : Fast 1100mV 0C Model Setup 'clk_gen:inst1|div10_t:inst4|2'
Slack : -0.312
TNS   : -1.223

Type  : Fast 1100mV 0C Model Setup 'clk_gen:inst1|div10_t:inst2|2'
Slack : -0.303
TNS   : -0.939

Type  : Fast 1100mV 0C Model Setup 'debounce_g:inst27|1'
Slack : -0.288
TNS   : -1.021

Type  : Fast 1100mV 0C Model Setup 'Test:inst62|div10_t:inst3|2'
Slack : -0.149
TNS   : -0.856

Type  : Fast 1100mV 0C Model Hold 'Test:inst62|CLKtest:inst1|CNTout'
Slack : -1.770
TNS   : -6.885

Type  : Fast 1100mV 0C Model Hold 'addone'
Slack : -1.319
TNS   : -8.639

Type  : Fast 1100mV 0C Model Hold 'clk'
Slack : -1.014
TNS   : -3.723

Type  : Fast 1100mV 0C Model Hold 'clk_gen:inst1|div10_t:inst6|2'
Slack : -0.717
TNS   : -0.720

Type  : Fast 1100mV 0C Model Hold 'counterSecond_1:inst7|carry'
Slack : -0.653
TNS   : -1.624

Type  : Fast 1100mV 0C Model Hold 'clk_gen:inst1|div10_t:inst5|2'
Slack : -0.648
TNS   : -7.004

Type  : Fast 1100mV 0C Model Hold 'counterSecond_1:inst8|carry'
Slack : -0.618
TNS   : -0.618

Type  : Fast 1100mV 0C Model Hold 'clk_gen:inst1|div10_t:inst3|2'
Slack : -0.593
TNS   : -1.184

Type  : Fast 1100mV 0C Model Hold 'clk_gen:inst1|div10_t:inst1|2'
Slack : -0.529
TNS   : -0.948

Type  : Fast 1100mV 0C Model Hold 'counterSecond_10:inst5|carry_out'
Slack : -0.500
TNS   : -2.249

Type  : Fast 1100mV 0C Model Hold 'counterSecond_10:inst9|carry_out'
Slack : -0.454
TNS   : -0.543

Type  : Fast 1100mV 0C Model Hold 'clk_gen:inst1|div10_t:inst2|2'
Slack : -0.416
TNS   : -0.682

Type  : Fast 1100mV 0C Model Hold 'clk_gen:inst1|div10_t:inst4|2'
Slack : -0.398
TNS   : -1.037

Type  : Fast 1100mV 0C Model Hold 'clk_gen:inst1|div10_t:inst|2'
Slack : -0.354
TNS   : -0.594

Type  : Fast 1100mV 0C Model Hold 'debounce_g:inst72|1'
Slack : -0.337
TNS   : -0.613

Type  : Fast 1100mV 0C Model Hold 'counterHour_1:inst13|carry_out'
Slack : -0.321
TNS   : -0.639

Type  : Fast 1100mV 0C Model Hold 'debounce_g:inst65|1'
Slack : -0.294
TNS   : -0.578

Type  : Fast 1100mV 0C Model Hold 'debounce_g:inst74|1'
Slack : -0.210
TNS   : -0.223

Type  : Fast 1100mV 0C Model Hold 'debounce_g:inst69|1'
Slack : -0.173
TNS   : -0.187

Type  : Fast 1100mV 0C Model Hold 'debounce_g:inst66|1'
Slack : -0.125
TNS   : -0.125

Type  : Fast 1100mV 0C Model Hold 'debounce_g:inst75|1'
Slack : -0.069
TNS   : -0.071

Type  : Fast 1100mV 0C Model Hold 'debounce_g:inst68|1'
Slack : -0.024
TNS   : -0.024

Type  : Fast 1100mV 0C Model Hold 'debounce_g:inst67|1'
Slack : -0.010
TNS   : -0.010

Type  : Fast 1100mV 0C Model Hold 'debounce_g:inst73|1'
Slack : 0.045
TNS   : 0.000

Type  : Fast 1100mV 0C Model Hold 'Test:inst62|div10_t:inst3|2'
Slack : 0.053
TNS   : 0.000

Type  : Fast 1100mV 0C Model Hold 'debounce_g:inst71|1'
Slack : 0.140
TNS   : 0.000

Type  : Fast 1100mV 0C Model Hold 'debounce_g:inst70|1'
Slack : 0.187
TNS   : 0.000

Type  : Fast 1100mV 0C Model Hold 'debounce_g:inst27|1'
Slack : 0.266
TNS   : 0.000

Type  : Fast 1100mV 0C Model Hold 'debounce_g:inst76|1'
Slack : 0.335
TNS   : 0.000

Type  : Fast 1100mV 0C Model Recovery 'counterSecond_10:inst9|carry_out'
Slack : -0.805
TNS   : -3.214

Type  : Fast 1100mV 0C Model Recovery 'counterHour_1:inst13|carry_out'
Slack : -0.574
TNS   : -1.148

Type  : Fast 1100mV 0C Model Recovery 'counterSecond_1:inst8|carry'
Slack : -0.294
TNS   : -0.880

Type  : Fast 1100mV 0C Model Recovery 'counterSecond_10:inst5|carry_out'
Slack : -0.293
TNS   : -1.170

Type  : Fast 1100mV 0C Model Recovery 'counterSecond_1:inst7|carry'
Slack : -0.126
TNS   : -0.378

Type  : Fast 1100mV 0C Model Recovery 'clk_gen:inst1|div10_t:inst6|2'
Slack : -0.016
TNS   : -0.061

Type  : Fast 1100mV 0C Model Removal 'clk_gen:inst1|div10_t:inst6|2'
Slack : -0.802
TNS   : -3.206

Type  : Fast 1100mV 0C Model Removal 'counterSecond_1:inst7|carry'
Slack : -0.628
TNS   : -1.882

Type  : Fast 1100mV 0C Model Removal 'counterSecond_10:inst5|carry_out'
Slack : -0.476
TNS   : -1.900

Type  : Fast 1100mV 0C Model Removal 'counterSecond_1:inst8|carry'
Slack : -0.404
TNS   : -1.211

Type  : Fast 1100mV 0C Model Removal 'counterHour_1:inst13|carry_out'
Slack : -0.246
TNS   : -0.491

Type  : Fast 1100mV 0C Model Removal 'counterSecond_10:inst9|carry_out'
Slack : -0.158
TNS   : -0.629

Type  : Fast 1100mV 0C Model Minimum Pulse Width 'addone'
Slack : -0.579
TNS   : -6.562

Type  : Fast 1100mV 0C Model Minimum Pulse Width 'clk'
Slack : -0.550
TNS   : -1.990

Type  : Fast 1100mV 0C Model Minimum Pulse Width 'clk_gen:inst1|div10_t:inst5|2'
Slack : -0.009
TNS   : -0.018

Type  : Fast 1100mV 0C Model Minimum Pulse Width 'debounce_g:inst27|1'
Slack : -0.006
TNS   : -0.020

Type  : Fast 1100mV 0C Model Minimum Pulse Width 'counterSecond_1:inst7|carry'
Slack : -0.002
TNS   : -0.008

Type  : Fast 1100mV 0C Model Minimum Pulse Width 'counterSecond_1:inst8|carry'
Slack : 0.036
TNS   : 0.000

Type  : Fast 1100mV 0C Model Minimum Pulse Width 'clk_gen:inst1|div10_t:inst6|2'
Slack : 0.066
TNS   : 0.000

Type  : Fast 1100mV 0C Model Minimum Pulse Width 'clk_gen:inst1|div10_t:inst1|2'
Slack : 0.077
TNS   : 0.000

Type  : Fast 1100mV 0C Model Minimum Pulse Width 'clk_gen:inst1|div10_t:inst3|2'
Slack : 0.091
TNS   : 0.000

Type  : Fast 1100mV 0C Model Minimum Pulse Width 'counterSecond_10:inst5|carry_out'
Slack : 0.103
TNS   : 0.000

Type  : Fast 1100mV 0C Model Minimum Pulse Width 'Test:inst62|CLKtest:inst1|CNTout'
Slack : 0.114
TNS   : 0.000

Type  : Fast 1100mV 0C Model Minimum Pulse Width 'counterSecond_10:inst9|carry_out'
Slack : 0.126
TNS   : 0.000

Type  : Fast 1100mV 0C Model Minimum Pulse Width 'Test:inst62|div10_t:inst3|2'
Slack : 0.129
TNS   : 0.000

Type  : Fast 1100mV 0C Model Minimum Pulse Width 'clk_gen:inst1|div10_t:inst2|2'
Slack : 0.129
TNS   : 0.000

Type  : Fast 1100mV 0C Model Minimum Pulse Width 'clk_gen:inst1|div10_t:inst4|2'
Slack : 0.142
TNS   : 0.000

Type  : Fast 1100mV 0C Model Minimum Pulse Width 'clk_gen:inst1|div10_t:inst|2'
Slack : 0.142
TNS   : 0.000

Type  : Fast 1100mV 0C Model Minimum Pulse Width 'counterHour_1:inst13|carry_out'
Slack : 0.144
TNS   : 0.000

Type  : Fast 1100mV 0C Model Minimum Pulse Width 'debounce_g:inst72|1'
Slack : 0.341
TNS   : 0.000

Type  : Fast 1100mV 0C Model Minimum Pulse Width 'debounce_g:inst68|1'
Slack : 0.364
TNS   : 0.000

Type  : Fast 1100mV 0C Model Minimum Pulse Width 'debounce_g:inst69|1'
Slack : 0.374
TNS   : 0.000

Type  : Fast 1100mV 0C Model Minimum Pulse Width 'debounce_g:inst66|1'
Slack : 0.434
TNS   : 0.000

Type  : Fast 1100mV 0C Model Minimum Pulse Width 'debounce_g:inst74|1'
Slack : 0.450
TNS   : 0.000

Type  : Fast 1100mV 0C Model Minimum Pulse Width 'debounce_g:inst75|1'
Slack : 0.452
TNS   : 0.000

Type  : Fast 1100mV 0C Model Minimum Pulse Width 'debounce_g:inst71|1'
Slack : 0.453
TNS   : 0.000

Type  : Fast 1100mV 0C Model Minimum Pulse Width 'debounce_g:inst65|1'
Slack : 0.455
TNS   : 0.000

Type  : Fast 1100mV 0C Model Minimum Pulse Width 'debounce_g:inst67|1'
Slack : 0.456
TNS   : 0.000

Type  : Fast 1100mV 0C Model Minimum Pulse Width 'debounce_g:inst73|1'
Slack : 0.457
TNS   : 0.000

Type  : Fast 1100mV 0C Model Minimum Pulse Width 'debounce_g:inst70|1'
Slack : 0.470
TNS   : 0.000

Type  : Fast 1100mV 0C Model Minimum Pulse Width 'debounce_g:inst76|1'
Slack : 0.475
TNS   : 0.000

------------------------------------------------------------
